============================= test session starts =============================
platform win32 -- Python 3.12.10, pytest-9.0.2, pluggy-1.6.0 -- E:\git\skills-factory\.venv\Scripts\python.exe
cachedir: .pytest_cache
rootdir: E:\git\diktate
collecting ... collected 9 items / 3 errors

=================================== ERRORS ====================================
__________________ ERROR collecting python/test_inference.py __________________
ImportError while importing test module 'E:\git\diktate\python\test_inference.py'.
Hint: make sure your test modules/packages have valid Python names.
Traceback:
..\skills-factory\.venv\Lib\site-packages\_pytest\python.py:507: in importtestmodule
    mod = import_path(
..\skills-factory\.venv\Lib\site-packages\_pytest\pathlib.py:587: in import_path
    importlib.import_module(module_name)
C:\Users\gecko\AppData\Local\Programs\Python\Python312\Lib\importlib\__init__.py:90: in import_module
    return _bootstrap._gcd_import(name[level:], package, level)
           ^^^^^^^^^^^^^^^^^^^^^^^^^^^^^^^^^^^^^^^^^^^^^^^^^^^^
<frozen importlib._bootstrap>:1387: in _gcd_import
    ???
<frozen importlib._bootstrap>:1360: in _find_and_load
    ???
<frozen importlib._bootstrap>:1331: in _find_and_load_unlocked
    ???
<frozen importlib._bootstrap>:935: in _load_unlocked
    ???
..\skills-factory\.venv\Lib\site-packages\_pytest\assertion\rewrite.py:197: in exec_module
    exec(co, module.__dict__)
python\test_inference.py:6: in <module>
    from core.transcriber import Transcriber
python\core\__init__.py:4: in <module>
    from .injector import Injector
python\core\injector.py:8: in <module>
    import pyperclip
E   ModuleNotFoundError: No module named 'pyperclip'
___________________ ERROR collecting python/test_monitor.py ___________________
ImportError while importing test module 'E:\git\diktate\python\test_monitor.py'.
Hint: make sure your test modules/packages have valid Python names.
Traceback:
..\skills-factory\.venv\Lib\site-packages\_pytest\python.py:507: in importtestmodule
    mod = import_path(
..\skills-factory\.venv\Lib\site-packages\_pytest\pathlib.py:587: in import_path
    importlib.import_module(module_name)
C:\Users\gecko\AppData\Local\Programs\Python\Python312\Lib\importlib\__init__.py:90: in import_module
    return _bootstrap._gcd_import(name[level:], package, level)
           ^^^^^^^^^^^^^^^^^^^^^^^^^^^^^^^^^^^^^^^^^^^^^^^^^^^^
<frozen importlib._bootstrap>:1387: in _gcd_import
    ???
<frozen importlib._bootstrap>:1360: in _find_and_load
    ???
<frozen importlib._bootstrap>:1331: in _find_and_load_unlocked
    ???
<frozen importlib._bootstrap>:935: in _load_unlocked
    ???
..\skills-factory\.venv\Lib\site-packages\_pytest\assertion\rewrite.py:197: in exec_module
    exec(co, module.__dict__)
python\test_monitor.py:8: in <module>
    from core.system_monitor import SystemMonitor
python\core\__init__.py:4: in <module>
    from .injector import Injector
python\core\injector.py:8: in <module>
    import pyperclip
E   ModuleNotFoundError: No module named 'pyperclip'
____________________ ERROR collecting python/test_turbo.py ____________________
ImportError while importing test module 'E:\git\diktate\python\test_turbo.py'.
Hint: make sure your test modules/packages have valid Python names.
Traceback:
..\skills-factory\.venv\Lib\site-packages\_pytest\python.py:507: in importtestmodule
    mod = import_path(
..\skills-factory\.venv\Lib\site-packages\_pytest\pathlib.py:587: in import_path
    importlib.import_module(module_name)
C:\Users\gecko\AppData\Local\Programs\Python\Python312\Lib\importlib\__init__.py:90: in import_module
    return _bootstrap._gcd_import(name[level:], package, level)
           ^^^^^^^^^^^^^^^^^^^^^^^^^^^^^^^^^^^^^^^^^^^^^^^^^^^^
<frozen importlib._bootstrap>:1387: in _gcd_import
    ???
<frozen importlib._bootstrap>:1360: in _find_and_load
    ???
<frozen importlib._bootstrap>:1331: in _find_and_load_unlocked
    ???
<frozen importlib._bootstrap>:935: in _load_unlocked
    ???
..\skills-factory\.venv\Lib\site-packages\_pytest\assertion\rewrite.py:197: in exec_module
    exec(co, module.__dict__)
python\test_turbo.py:12: in <module>
    from python.ipc_server import IpcServer
python\ipc_server.py:34: in <module>
    from core import Injector, Recorder, SafeNoteWriter, Transcriber  # noqa: E402, F401
    ^^^^^^^^^^^^^^^^^^^^^^^^^^^^^^^^^^^^^^^^^^^^^^^^^^^^^^^^^^^^^^^^
python\core\__init__.py:4: in <module>
    from .injector import Injector
python\core\injector.py:8: in <module>
    import pyperclip
E   ModuleNotFoundError: No module named 'pyperclip'
=========================== short test summary info ===========================
ERROR python/test_inference.py
ERROR python/test_monitor.py
ERROR python/test_turbo.py
!!!!!!!!!!!!!!!!!!! Interrupted: 3 errors during collection !!!!!!!!!!!!!!!!!!!
============================== 3 errors in 0.44s ==============================
